// Jest Snapshot v1, https://goo.gl/fbAQLP

exports[`Index SHOULD render successfully 1`] = `<div />`;
